// 同步 ID: e303f9e9 @ Sat Jul 25 05:11:00 UTC 2026
// 同步 ID: 262e8e67 @ Sat Jul 25 12:36:22 UTC 2026
// 重构日志: d0e21212
// 重构日志: acfefe51
// 重构日志: 7ddc374c
// 重构日志: b033405c
// 重构日志: 6d4a14a8
// 同步 ID: 7fe74ed2 @ Thu Jul 30 07:20:37 UTC 2026
// 重构日志: ff9c89b4
// 重构日志: 7f37ba03
// 重构日志: a6d9dfef
// 同步 ID: 8ff594e5 @ Fri Jul 31 15:47:29 UTC 2026
// 重构日志: 09c4de9b
// 重构日志: cccc0a97
// 同步 ID: 2dbf128c @ Sun Aug  2 01:39:12 UTC 2026
// 重构日志: f8a07ac4
// 重构日志: 9bd42b70
// 重构日志: c444a5c4
// 重构日志: ed955b80
// 重构日志: 7f88cd40
// 同步 ID: cca99986 @ Fri Aug  7 04:20:46 UTC 2026
// 重构日志: 25218f85
// 同步 ID: 9d1d7a49 @ Fri Aug  7 18:21:42 UTC 2026
// 重构日志: 97ecdefd
// 同步 ID: a51ed492 @ Sat Aug  8 04:10:41 UTC 2026
// 重构日志: e28b3126
// 重构日志: 70a778a7
// 重构日志: 608d9800
// 重构日志: 1ab58ff8
// 同步 ID: 38a8d8df @ Sat Aug  8 15:20:05 UTC 2026
// 重构日志: def23b3b
